C:\Users\HP\Documents\workspace-spring-tool-suite-4-4.17.0.RELEASE\TicketBooking\src\main\java\com\assignment\services\PassengerServiceImpl.java
C:\Users\HP\Documents\workspace-spring-tool-suite-4-4.17.0.RELEASE\TicketBooking\src\main\java\com\assignment\entities\Ticket.java
C:\Users\HP\Documents\workspace-spring-tool-suite-4-4.17.0.RELEASE\TicketBooking\src\main\java\com\assignment\controller\PassengerController.java
C:\Users\HP\Documents\workspace-spring-tool-suite-4-4.17.0.RELEASE\TicketBooking\src\main\java\com\assignment\exception\UserNotFoundException.java
C:\Users\HP\Documents\workspace-spring-tool-suite-4-4.17.0.RELEASE\TicketBooking\src\main\java\com\assignment\services\BusServiceImpl.java
C:\Users\HP\Documents\workspace-spring-tool-suite-4-4.17.0.RELEASE\TicketBooking\src\main\java\com\assignment\TicketBookingApplication.java
C:\Users\HP\Documents\workspace-spring-tool-suite-4-4.17.0.RELEASE\TicketBooking\src\main\java\com\assignment\exception\GlobalExceptionHandler.java
C:\Users\HP\Documents\workspace-spring-tool-suite-4-4.17.0.RELEASE\TicketBooking\src\main\java\com\assignment\repository\IBusRepository.java
C:\Users\HP\Documents\workspace-spring-tool-suite-4-4.17.0.RELEASE\TicketBooking\src\main\java\com\assignment\controller\TicketController.java
C:\Users\HP\Documents\workspace-spring-tool-suite-4-4.17.0.RELEASE\TicketBooking\src\main\java\com\assignment\services\IPassengerService.java
C:\Users\HP\Documents\workspace-spring-tool-suite-4-4.17.0.RELEASE\TicketBooking\src\main\java\com\assignment\dto\TicketDTO.java
C:\Users\HP\Documents\workspace-spring-tool-suite-4-4.17.0.RELEASE\TicketBooking\src\main\java\com\assignment\exception\BusNotFoundException.java
C:\Users\HP\Documents\workspace-spring-tool-suite-4-4.17.0.RELEASE\TicketBooking\src\main\java\com\assignment\exception\ErrorDetails.java
C:\Users\HP\Documents\workspace-spring-tool-suite-4-4.17.0.RELEASE\TicketBooking\src\main\java\com\assignment\repository\ITicketRepository.java
C:\Users\HP\Documents\workspace-spring-tool-suite-4-4.17.0.RELEASE\TicketBooking\src\main\java\com\assignment\exception\TicketNotFoundException.java
C:\Users\HP\Documents\workspace-spring-tool-suite-4-4.17.0.RELEASE\TicketBooking\src\main\java\com\assignment\services\ITicketService.java
C:\Users\HP\Documents\workspace-spring-tool-suite-4-4.17.0.RELEASE\TicketBooking\src\main\java\com\assignment\services\TicketServiceImpl.java
C:\Users\HP\Documents\workspace-spring-tool-suite-4-4.17.0.RELEASE\TicketBooking\src\main\java\com\assignment\entities\Passenger.java
C:\Users\HP\Documents\workspace-spring-tool-suite-4-4.17.0.RELEASE\TicketBooking\src\main\java\com\assignment\services\UserServiceImpl.java
C:\Users\HP\Documents\workspace-spring-tool-suite-4-4.17.0.RELEASE\TicketBooking\src\main\java\com\assignment\entities\User.java
C:\Users\HP\Documents\workspace-spring-tool-suite-4-4.17.0.RELEASE\TicketBooking\src\main\java\com\assignment\entities\Bus.java
C:\Users\HP\Documents\workspace-spring-tool-suite-4-4.17.0.RELEASE\TicketBooking\src\main\java\com\assignment\repository\IUserRepository.java
C:\Users\HP\Documents\workspace-spring-tool-suite-4-4.17.0.RELEASE\TicketBooking\src\main\java\com\assignment\services\IUserService.java
C:\Users\HP\Documents\workspace-spring-tool-suite-4-4.17.0.RELEASE\TicketBooking\src\main\java\com\assignment\exception\PassengerNotFoundException.java
C:\Users\HP\Documents\workspace-spring-tool-suite-4-4.17.0.RELEASE\TicketBooking\src\main\java\com\assignment\controller\UserController.java
C:\Users\HP\Documents\workspace-spring-tool-suite-4-4.17.0.RELEASE\TicketBooking\src\main\java\com\assignment\repository\IPassengerRepository.java
C:\Users\HP\Documents\workspace-spring-tool-suite-4-4.17.0.RELEASE\TicketBooking\src\main\java\com\assignment\services\IBusService.java
C:\Users\HP\Documents\workspace-spring-tool-suite-4-4.17.0.RELEASE\TicketBooking\src\main\java\com\assignment\controller\BusController.java
